rate2 id
rate2 id
) )
{ {
rate2 id
rate2 id
+ +
( (
2 numb
* *
) )
; ;
} }
